// Jest Snapshot v1, https://goo.gl/fbAQLP

exports[`matches snapshot 1`] = `
<DocumentFragment>
  <div
    class="SignupForm"
  >
    <div
      class="container col-md-6 offset-md-3 col-lg-4 offset-lg-4"
    >
      <h2
        class="mb-3"
      >
        Sign Up
      </h2>
      <div
        class="card"
      >
        <div
          class="card-body"
        >
          <form>
            <div
              class="form-group"
            >
              <label>
                Username
              </label>
              <input
                class="form-control"
                name="username"
                value=""
              />
            </div>
            <div
              class="form-group"
            >
              <label>
                Password
              </label>
              <input
                class="form-control"
                name="password"
                type="password"
                value=""
              />
            </div>
            <div
              class="form-group"
            >
              <label>
                Email
              </label>
              <input
                class="form-control"
                name="email"
                type="email"
                value=""
              />
            </div>
            <h4>
              Timezone
            </h4>
            <div
              class="form-group"
            >
              <label>
                Continent
              </label>
              <select
                class="form-control"
                name="continent"
              >
                <option
                  value=""
                >
                  Choose...
                </option>
                <option
                  value="Africa"
                >
                  Africa
                </option>
                <option
                  value="America"
                >
                  America
                </option>
                <option
                  value="Antarctica"
                >
                  Antarctica
                </option>
                <option
                  value="Arctic"
                >
                  Arctic
                </option>
                <option
                  value="Asia"
                >
                  Asia
                </option>
                <option
                  value="Atlantic"
                >
                  Atlantic
                </option>
                <option
                  value="Australia"
                >
                  Australia
                </option>
                <option
                  value="Europe"
                >
                  Europe
                </option>
                <option
                  value="Indian"
                >
                  Indian
                </option>
                <option
                  value="Pacific"
                >
                  Pacific
                </option>
              </select>
            </div>
            <div
              class="form-group"
            >
              <label>
                City
              </label>
              <select
                class="form-control"
                name="city"
              >
                <option
                  disabled=""
                >
                  Choose...
                </option>
              </select>
            </div>
            <button
              class="btn btn-primary float-right"
              type="submit"
            >
              Submit
            </button>
          </form>
        </div>
      </div>
    </div>
  </div>
</DocumentFragment>
`;
